// Jest Snapshot v1, https://goo.gl/fbAQLP

exports[`Glucometer should render correctly 1`] = `
<div
  className="glucometer-container"
>
  <Form
    carbs="0"
    carbsChangeHandler={[Function]}
    displayValue=""
    ratio="0"
    ratioChangeHandler={[Function]}
    submitHandler={[Function]}
  />
</div>
`;
